[mathplace.co/index.html]
[backblue.gif]
[fade.gif]
[index.html]
[totallyscience.co/assets/images/logo.png]
[mathplace.co/assets/styles/index91ed.css]
[mathplace.co/assets/styles/main.css]
[mathplace.co/assets/images/logo.png]
[mathplace.co/assets/styles/index.css]
[cdnjs.cloudflare.com/ajax/libs/lodash.js/4.17.11/lodash.min.js]
[pagead2.googlesyndication.com/pagead/js/f.txt]
[mathplace.co/classes.html]
[mathplace.co/leaderboard.html]
[mathplace.co/browser.html]
[mathplace.co/chat.html]
[mathplace.co/profile.html]
[mathplace.co/preferences.html]
[mathplace.co/assets/images/settings-light.svg]
[mathplace.co/assets/images/retrobowlfeature.png]
[mathplace.co/class5a5f.html]
[mathplace.co/assets/images/fnaffeature.jpg]
[mathplace.co/class80c7.html]
[mathplace.co/assets/images/impossiblefeaturedimage.png]
[mathplace.co/classef30.html]
[mathplace.co/assets/images/left-arrow.png]
[mathplace.co/assets/images/right-arrow.png]
[oyosite.s3.amazonaws.com/userdata/img9/1606187532-55c8a2a3f483a64f328825f2.png]
[mathplace.co/assets/images/scientist.png]
[mathplace.co/termsofuse.html]
[mathplace.co/privacypolicy.html]
[mathplace.co/assets/scripts/main8e9a.js]
[mathplace.co/index.html]
[mathplace.co/assets/styles/index91ed.css]
[mathplace.co/assets/styles/main.css]
[mathplace.co/assets/styles/index.css]
[mathplace.co/assets/styles/games91ed.css]
[mathplace.co/index-2.html]
[pagead2.googlesyndication.com/pagead/js/f4845.txt]
[mathplace.co/classes.html]
[mathplace.co/assets/scripts/main18db.js]
[mathplace.co/leaderboard-table.html]
[mathplace.co/leaderboard.html]
[mathplace.co/assets/styles/main91ed.css]
[mathplace.co/browser.html]
[mathplace.co/chat.html]
[mathplace.co/totallyscience.co]
[mathplace.co/signup.html]
[mathplace.co/profile.html]
[mathplace.co/login.html]
[mathplace.co/assets/styles/preferences.css]
[mathplace.co/assets/scripts/preferenceseccb.js]
[mathplace.co/preferences.html]
[mathplace.co/assets/images/settings-light.svg]
[mathplace.co/assets/styles/game91ed.css]
[mathplace.co/assets/images/fullscreen-light.svg]
[mathplace.co/assets/scripts/maina87f.js]
[mathplace.co/class5a5f.html]
[mathplace.co/class80c7.html]
[mathplace.co/classef30.html]
[mathplace.co/termsofuse.html]
[mathplace.co/privacypolicy.html]
[mathplace.co/assets/images/disguises/gcicon.png]
[mathplace.co/assets/images/disguises/gdicon.png]
[mathplace.co/assets/images/disguises/canvasicon.jpg]
[mathplace.co/mobile/index.html]
[mathplace.co/assets/scripts/main8e9a.js]
[img.icons8.com/material-outlined/24/000000/search--v1.png]
[mathplace.co/assets/styles/games91ed.css]
[mathplace.co/index-2.html]
[mathplace.co/assets/scripts/main18db.js]
[mathplace.co/leaderboard-table.html]
[mathplace.co/assets/styles/main91ed.css]
[mathplace.co/totallyscience.html]
[mathplace.co/assets/styles/account.css]
[mathplace.co/assets/scripts/maine6dd.js]
[mathplace.co/signup.html]
[mathplace.co/login.html]
[mathplace.co/assets/styles/preferences.css]
[mathplace.co/assets/scripts/preferenceseccb.js]
[mathplace.co/assets/images/loadinggif.gif]
[mathplace.co/assets/styles/game91ed.css]
[mathplace.co/assets/images/fullscreen-light.svg]
[mathplace.co/assets/scripts/maina87f.js]
[mathplace.co/mobile/assets/styles/main1b26.css]
[mathplace.co/mobile/settings.html]
[mathplace.co/assets/images/settings-dark.svg]
[mathplace.co/assets/images/exclamation-light.svg]
[mathplace.co/mobile/assets/scripts/main0af4.js]
[mathplace.co/mobile/index.html]
[mathplace.co/mobile/assets/scripts/mobile.js]
[mathplace.co/assets/styles/account.css]
[mathplace.co/assets/scripts/maine6dd.js]
[mathplace.co/mobile/assets/styles/main1b26.css]
[mathplace.co/mobile/assets/styles/preferences.css]
[mathplace.co/mobile/assets/styles/main.css]
[mathplace.co/mobile/assets/images/logo.png]
[mathplace.co/assets/images/backarrow-light.svg]
[mathplace.co/mobile/assets/scripts/settingse6dd.js]
[mathplace.co/mobile/settings.html]
[mathplace.co/assets/images/settings-dark.svg]
[mathplace.co/assets/images/exclamation-light.svg]
[mathplace.co/mobile/assets/scripts/main0af4.js]
[mathplace.co/mobile/assets/scripts/mobile.js]
[mathplace.co/mobile/assets/styles/preferences.css]
[mathplace.co/mobile/assets/styles/main.css]
[mathplace.co/mobile/assets/images/logo.html]
[mathplace.co/assets/images/backarrow-light.svg]
[mathplace.co/mobile/assets/scripts/settingse6dd.js]
